{
  "result": [
    {
      "filePath": "file:///",
      "name": "project",
      "modules": [
        {
          "functions": [
            {
              "name": "main",
              "filePath": "main.bal",
              "startLine": 3,
              "startColumn": 0,
              "endLine": 6,
              "endColumn": 1
            }
          ],
          "services": [],
          "records": [],
          "objects": [],
          "classes": [],
          "types": [],
          "constants": [],
          "enums": [],
          "listeners": [],
          "moduleVariables": []
        },
        {
          "functions": [],
          "services": [
            {
              "name": "/hello ",
              "resources": [
                {
                  "name": "get",
                  "filePath": "hello.bal",
                  "startLine": 8,
                  "startColumn": 4,
                  "endLine": 10,
                  "endColumn": 5
                }
              ],
              "filePath": "hello.bal",
              "startLine": 3,
              "startColumn": 0,
              "endLine": 11,
              "endColumn": 1
            }
          ],
          "records": [],
          "objects": [],
          "classes": [],
          "types": [],
          "constants": [],
          "enums": [],
          "listeners": [],
          "moduleVariables": [],
          "name": "services"
        }
      ]
    }
  ]
}
