{
  "orgName": "wso2",
  "packageName": "project_functions",
  "kind": "BUILD_PROJECT",
  "path": "file:///"
}
