{
  "data": [
    6,
    8,
    4,
    "namespace",
    [],
    6,
    21,
    1,
    "type",
    [
      "declaration"
    ],
    6,
    22,
    3,
    "type",
    [
      "declaration"
    ],
    6,
    33,
    4,
    "namespace",
    [],
    8,
    22,
    4,
    "function",
    [
      "declaration"
    ],
    8,
    27,
    3,
    "function",
    [
      "declaration"
    ],
    8,
    31,
    4,
    "namespace",
    [],
    8,
    43,
    6,
    "parameter",
    [
      "declaration"
    ],
    8,
    51,
    4,
    "namespace",
    [],
    8,
    64,
    3,
    "parameter",
    [
      "declaration"
    ],
    9,
    12,
    7,
    "variable",
    [
      "declaration"
    ],
    9,
    22,
    3,
    "parameter",
    [],
    9,
    26,
    14,
    "method",
    [
      "declaration"
    ],
    10,
    8,
    4,
    "namespace",
    [],
    10,
    22,
    3,
    "variable",
    [
      "declaration"
    ],
    11,
    12,
    7,
    "variable",
    [],
    12,
    12,
    3,
    "variable",
    [],
    12,
    16,
    14,
    "method",
    [
      "declaration"
    ],
    12,
    32,
    1,
    "namespace",
    [],
    14,
    12,
    3,
    "variable",
    [],
    15,
    12,
    3,
    "variable",
    [],
    15,
    16,
    10,
    "method",
    [
      "declaration"
    ],
    15,
    28,
    1,
    "namespace",
    [],
    15,
    47,
    7,
    "method",
    [
      "declaration"
    ],
    17,
    12,
    6,
    "variable",
    [
      "declaration"
    ],
    17,
    21,
    6,
    "parameter",
    [],
    18,
    12,
    6,
    "variable",
    [],
    19,
    12,
    3,
    "namespace",
    [],
    19,
    16,
    10,
    "function",
    [],
    19,
    50,
    3,
    "variable",
    [
      "declaration"
    ],
    24,
    6,
    4,
    "class",
    [
      "declaration"
    ],
    25,
    11,
    4,
    "property",
    [
      "declaration"
    ],
    26,
    11,
    8,
    "property",
    [
      "declaration"
    ],
    27,
    13,
    4,
    "method",
    [
      "declaration"
    ],
    27,
    25,
    1,
    "parameter",
    [
      "declaration"
    ],
    27,
    36,
    1,
    "parameter",
    [
      "declaration"
    ],
    28,
    13,
    4,
    "property",
    [],
    28,
    20,
    1,
    "parameter",
    [],
    29,
    13,
    8,
    "property",
    [],
    29,
    30,
    1,
    "parameter",
    [],
    29,
    32,
    10,
    "method",
    [
      "declaration"
    ],
    33,
    5,
    6,
    "struct",
    [
      "declaration"
    ],
    34,
    11,
    5,
    "property",
    [
      "declaration"
    ],
    35,
    11,
    4,
    "property",
    [
      "declaration"
    ],
    36,
    8,
    11,
    "property",
    [
      "declaration"
    ],
    39,
    9,
    3,
    "function",
    [
      "declaration"
    ],
    39,
    17,
    1,
    "parameter",
    [
      "declaration"
    ],
    39,
    24,
    1,
    "parameter",
    [
      "declaration"
    ],
    40,
    8,
    3,
    "variable",
    [
      "declaration"
    ],
    40,
    14,
    1,
    "parameter",
    [],
    40,
    18,
    1,
    "parameter",
    [],
    41,
    11,
    3,
    "variable",
    [],
    44,
    12,
    5,
    "enum",
    [
      "declaration"
    ],
    45,
    4,
    6,
    "enumMember",
    [
      "declaration",
      "readonly"
    ],
    50,
    4,
    4,
    "property",
    [
      "documentation"
    ],
    51,
    4,
    7,
    "property",
    [
      "documentation"
    ],
    52,
    12,
    7,
    "interface",
    [
      "declaration"
    ],
    53,
    18,
    4,
    "property",
    [
      "declaration"
    ],
    54,
    18,
    7,
    "property",
    [
      "declaration"
    ],
    56,
    20,
    5,
    "method",
    [
      "declaration"
    ],
    59,
    5,
    13,
    "type",
    [
      "declaration"
    ],
    59,
    25,
    8,
    "struct",
    [],
    59,
    39,
    3,
    "property",
    [
      "declaration"
    ],
    61,
    16,
    4,
    "function",
    [
      "declaration"
    ],
    64,
    13,
    1,
    "variable",
    [
      "declaration"
    ],
    67,
    4,
    2,
    "namespace",
    [],
    67,
    7,
    5,
    "function",
    [],
    67,
    15,
    8,
    "method",
    [
      "declaration"
    ],
    70,
    7,
    4,
    "variable",
    [],
    71,
    8,
    2,
    "namespace",
    [],
    71,
    11,
    7,
    "function",
    [],
    73,
    8,
    2,
    "namespace",
    [],
    73,
    11,
    7,
    "function",
    [],
    78,
    4,
    2,
    "namespace",
    [],
    78,
    7,
    5,
    "function",
    [],
    81,
    4,
    2,
    "namespace",
    [],
    81,
    7,
    5,
    "function",
    [],
    85,
    4,
    4,
    "class",
    [],
    85,
    9,
    4,
    "variable",
    [
      "declaration"
    ],
    85,
    26,
    4,
    "class",
    [],
    86,
    4,
    2,
    "namespace",
    [],
    86,
    7,
    7,
    "function",
    [],
    89,
    4,
    7,
    "class",
    [],
    89,
    12,
    1,
    "variable",
    [
      "declaration"
    ],
    89,
    20,
    7,
    "class",
    [],
    90,
    4,
    1,
    "variable",
    [],
    90,
    6,
    4,
    "method",
    [
      "declaration"
    ],
    91,
    8,
    1,
    "variable",
    [
      "declaration"
    ],
    91,
    12,
    1,
    "variable",
    [],
    91,
    14,
    1,
    "property",
    [],
    92,
    4,
    2,
    "namespace",
    [],
    92,
    7,
    7,
    "function",
    [],
    96,
    16,
    1,
    "property",
    [
      "declaration"
    ],
    96,
    23,
    1,
    "property",
    [
      "declaration"
    ],
    96,
    27,
    9,
    "variable",
    [
      "declaration"
    ],
    97,
    8,
    1,
    "property",
    [],
    98,
    8,
    1,
    "property",
    [],
    100,
    8,
    1,
    "variable",
    [
      "declaration"
    ],
    100,
    12,
    9,
    "variable",
    [],
    100,
    22,
    1,
    "property",
    [],
    101,
    4,
    2,
    "namespace",
    [],
    101,
    7,
    7,
    "function",
    [],
    104,
    4,
    6,
    "struct",
    [],
    104,
    13,
    7,
    "variable",
    [
      "declaration"
    ],
    105,
    9,
    5,
    "property",
    [],
    105,
    26,
    4,
    "property",
    [],
    105,
    41,
    11,
    "property",
    [],
    106,
    9,
    5,
    "property",
    [],
    106,
    23,
    4,
    "property",
    [],
    106,
    39,
    11,
    "property",
    [],
    108,
    8,
    6,
    "variable",
    [
      "declaration"
    ],
    108,
    34,
    1,
    "variable",
    [
      "declaration"
    ],
    108,
    43,
    1,
    "variable",
    [
      "declaration"
    ],
    108,
    49,
    7,
    "variable",
    [],
    109,
    16,
    5,
    "property",
    [],
    109,
    23,
    1,
    "variable",
    [],
    109,
    26,
    4,
    "property",
    [],
    109,
    32,
    1,
    "variable",
    [],
    110,
    4,
    2,
    "namespace",
    [],
    110,
    7,
    7,
    "function",
    [],
    111,
    8,
    6,
    "variable",
    [
      "declaration"
    ],
    111,
    27,
    5,
    "variable",
    [
      "declaration"
    ],
    111,
    34,
    4,
    "variable",
    [
      "declaration"
    ],
    111,
    43,
    7,
    "variable",
    [],
    112,
    16,
    5,
    "variable",
    [],
    112,
    23,
    4,
    "variable",
    [],
    113,
    4,
    2,
    "namespace",
    [],
    113,
    7,
    7,
    "function",
    [],
    116,
    21,
    14,
    "struct",
    [
      "readonly"
    ],
    116,
    38,
    3,
    "variable",
    [
      "declaration",
      "readonly"
    ],
    121,
    9,
    6,
    "namespace",
    [],
    122,
    24,
    8,
    "method",
    [
      "declaration"
    ],
    124,
    28,
    4,
    "method",
    [
      "declaration"
    ],
    124,
    56,
    5,
    "property",
    [
      "declaration"
    ],
    126,
    6,
    11,
    "variable",
    [
      "declaration"
    ],
    129,
    4,
    7,
    "interface",
    [],
    129,
    12,
    7,
    "variable",
    [
      "declaration"
    ],
    130,
    22,
    4,
    "property",
    [
      "declaration"
    ],
    131,
    22,
    7,
    "property",
    [
      "declaration"
    ],
    133,
    24,
    4,
    "method",
    [
      "declaration"
    ],
    134,
    17,
    4,
    "property",
    [],
    135,
    17,
    7,
    "property",
    [],
    138,
    24,
    5,
    "method",
    [
      "declaration"
    ],
    139,
    24,
    4,
    "property",
    [],
    139,
    43,
    7,
    "property",
    [],
    142,
    17,
    7,
    "method",
    [
      "declaration"
    ],
    142,
    69,
    4,
    "property",
    [],
    147,
    4,
    13,
    "type",
    [],
    147,
    18,
    11,
    "variable",
    [
      "declaration"
    ],
    148,
    13,
    3,
    "property",
    [
      "readonly"
    ],
    148,
    21,
    4,
    "property",
    [],
    148,
    35,
    6,
    "property",
    [],
    148,
    51,
    7,
    "property",
    [],
    149,
    13,
    3,
    "property",
    [
      "readonly"
    ],
    149,
    21,
    4,
    "property",
    [],
    149,
    36,
    6,
    "property",
    [],
    149,
    52,
    7,
    "property",
    [],
    153,
    4,
    11,
    "type",
    [],
    153,
    16,
    4,
    "variable",
    [
      "declaration"
    ],
    153,
    23,
    2,
    "variable",
    [
      "readonly"
    ],
    157,
    4,
    2,
    "namespace",
    [],
    157,
    7,
    5,
    "function",
    [],
    157,
    13,
    3,
    "function",
    [],
    160,
    4,
    10,
    "function",
    [],
    160,
    15,
    1,
    "variable",
    [],
    163,
    11,
    2,
    "variable",
    [
      "declaration"
    ],
    163,
    22,
    9,
    "method",
    [
      "declaration"
    ],
    164,
    8,
    1,
    "variable",
    [
      "declaration"
    ],
    164,
    12,
    2,
    "variable",
    [],
    164,
    15,
    6,
    "method",
    [
      "declaration"
    ],
    165,
    8,
    1,
    "variable",
    [
      "declaration"
    ],
    165,
    12,
    6,
    "namespace",
    [],
    165,
    19,
    6,
    "function",
    [],
    165,
    26,
    2,
    "variable",
    [],
    167,
    4,
    2,
    "namespace",
    [],
    167,
    7,
    7,
    "function",
    [],
    170,
    9,
    10,
    "function",
    [
      "declaration"
    ],
    170,
    29,
    2,
    "parameter",
    [
      "declaration"
    ],
    171,
    16,
    1,
    "variable",
    [
      "declaration"
    ],
    171,
    21,
    2,
    "parameter",
    [],
    172,
    8,
    2,
    "namespace",
    [],
    172,
    11,
    7,
    "function",
    [],
    176,
    12,
    7,
    "struct",
    [
      "declaration"
    ],
    177,
    11,
    4,
    "property",
    [
      "declaration"
    ],
    178,
    8,
    3,
    "property",
    [
      "declaration"
    ],
    179,
    4,
    7,
    "interface",
    [],
    179,
    12,
    7,
    "property",
    [
      "declaration"
    ],
    182,
    4,
    1,
    "variable",
    [
      "declaration"
    ],
    182,
    8,
    4,
    "variable",
    [],
    183,
    8,
    4,
    "variable",
    [
      "declaration"
    ],
    185,
    6,
    7,
    "class",
    [
      "declaration"
    ],
    186,
    8,
    1,
    "property",
    [
      "declaration"
    ],
    187,
    13,
    4,
    "method",
    [
      "declaration"
    ],
    187,
    22,
    1,
    "parameter",
    [
      "declaration"
    ],
    188,
    13,
    1,
    "property",
    [],
    188,
    17,
    1,
    "parameter",
    [],
    190,
    13,
    4,
    "method",
    [
      "declaration"
    ],
    191,
    13,
    1,
    "property",
    [],
    195,
    5,
    14,
    "struct",
    [
      "declaration",
      "readonly"
    ],
    196,
    4,
    5,
    "type",
    [],
    196,
    10,
    5,
    "property",
    [
      "declaration"
    ],
    196,
    18,
    10,
    "function",
    [],
    199,
    5,
    5,
    "type",
    [],
    199,
    25,
    2,
    "parameter",
    [
      "declaration"
    ],
    199,
    33,
    2,
    "parameter",
    [
      "declaration"
    ],
    201,
    9,
    10,
    "function",
    [
      "declaration"
    ],
    201,
    24,
    2,
    "parameter",
    [
      "declaration"
    ],
    201,
    32,
    2,
    "parameter",
    [
      "declaration"
    ],
    205,
    12,
    3,
    "enum",
    [
      "declaration"
    ],
    206,
    4,
    3,
    "enumMember",
    [
      "declaration",
      "readonly"
    ],
    209,
    12,
    8,
    "struct",
    [],
    210,
    11,
    4,
    "property",
    [
      "declaration"
    ],
    211,
    17,
    3,
    "property",
    [
      "declaration",
      "readonly"
    ],
    212,
    12,
    7,
    "property",
    [
      "declaration"
    ],
    213,
    10,
    6,
    "property",
    [
      "declaration"
    ],
    216,
    12,
    11,
    "type",
    [],
    216,
    24,
    2,
    "variable",
    [
      "readonly"
    ],
    216,
    27,
    2,
    "variable",
    [
      "readonly"
    ],
    218,
    20,
    2,
    "variable",
    [
      "declaration",
      "readonly"
    ],
    219,
    20,
    2,
    "variable",
    [
      "declaration",
      "readonly"
    ]
  ]
}
