{
  "source": {
    "file": "foreach.bal"
  },
  "result": [
    {
      "line":7,
      "token":"WzIwLCAyLCAwXQ=="
    }
  ]
}