{
  "source": {
    "file": "fork.bal"
  },
  "result": [
    {
      "line": 7,
    "token": "WzI0LCA4LCAwLCAyNCwgOCwgMF0="
    }
  ]
}