{
  "source": {
    "file": "record.bal"
  },
  "result": [
    {
      "line":5,
      "token":"WzE2LCA4LCAwXQ=="
    },
    {
      "line": 10,
      "token": "WzIwLCA5LCAwXQ=="
    }
  ]
}