{
  "data": [
    2,
    26,
    4,
    "namespace",
    [
      "declaration"
    ],
    6,
    6,
    6,
    "class",
    [
      "declaration"
    ],
    7,
    8,
    5,
    "property",
    [
      "documentation"
    ],
    8,
    11,
    5,
    "property",
    [
      "declaration"
    ],
    9,
    8,
    5,
    "property",
    [
      "documentation"
    ],
    10,
    11,
    5,
    "property",
    [
      "declaration"
    ],
    11,
    11,
    6,
    "class",
    [],
    11,
    19,
    6,
    "property",
    [
      "declaration"
    ],
    12,
    20,
    8,
    "property",
    [
      "declaration"
    ],
    13,
    18,
    5,
    "property",
    [
      "declaration"
    ],
    17,
    8,
    5,
    "parameter",
    [
      "documentation"
    ],
    18,
    8,
    5,
    "parameter",
    [
      "documentation"
    ],
    19,
    8,
    8,
    "parameter",
    [
      "documentation"
    ],
    20,
    13,
    4,
    "method",
    [
      "declaration"
    ],
    20,
    25,
    5,
    "parameter",
    [
      "declaration"
    ],
    20,
    39,
    5,
    "parameter",
    [
      "declaration"
    ],
    20,
    54,
    8,
    "parameter",
    [
      "declaration"
    ],
    21,
    13,
    5,
    "property",
    [],
    21,
    21,
    5,
    "parameter",
    [],
    22,
    13,
    5,
    "property",
    [],
    22,
    21,
    5,
    "parameter",
    [],
    23,
    13,
    8,
    "property",
    [],
    23,
    24,
    8,
    "parameter",
    [],
    26,
    13,
    11,
    "method",
    [
      "declaration"
    ],
    27,
    20,
    5,
    "property",
    [],
    27,
    39,
    5,
    "property",
    [],
    30,
    13,
    10,
    "method",
    [
      "declaration"
    ],
    30,
    50,
    8,
    "property",
    [],
    35,
    4,
    1,
    "property",
    [
      "documentation"
    ],
    36,
    12,
    5,
    "struct",
    [
      "declaration"
    ],
    37,
    17,
    1,
    "property",
    [
      "declaration",
      "readonly"
    ],
    38,
    8,
    1,
    "property",
    [
      "documentation"
    ],
    39,
    8,
    1,
    "property",
    [
      "declaration"
    ],
    44,
    4,
    4,
    "property",
    [
      "documentation"
    ],
    45,
    4,
    7,
    "property",
    [
      "documentation"
    ],
    46,
    12,
    7,
    "interface",
    [
      "declaration"
    ],
    47,
    18,
    4,
    "property",
    [
      "declaration"
    ],
    48,
    18,
    7,
    "property",
    [
      "declaration"
    ],
    50,
    20,
    5,
    "method",
    [
      "declaration"
    ],
    53,
    5,
    8,
    "type",
    [
      "declaration"
    ],
    55,
    17,
    3,
    "variable",
    [
      "declaration",
      "readonly"
    ],
    56,
    11,
    5,
    "variable",
    [
      "declaration"
    ],
    57,
    0,
    6,
    "class",
    [],
    57,
    9,
    6,
    "variable",
    [
      "declaration"
    ],
    59,
    12,
    5,
    "enum",
    [
      "declaration"
    ],
    60,
    4,
    3,
    "enumMember",
    [
      "declaration",
      "readonly"
    ],
    61,
    4,
    5,
    "enumMember",
    [
      "declaration",
      "readonly"
    ],
    62,
    4,
    4,
    "enumMember",
    [
      "declaration",
      "readonly"
    ],
    66,
    11,
    12,
    "struct",
    [],
    66,
    24,
    17,
    "type",
    [
      "declaration"
    ],
    70,
    4,
    4,
    "parameter",
    [
      "documentation"
    ],
    71,
    4,
    3,
    "parameter",
    [
      "documentation"
    ],
    72,
    4,
    7,
    "parameter",
    [
      "documentation"
    ],
    73,
    16,
    12,
    "function",
    [
      "declaration"
    ],
    73,
    36,
    4,
    "parameter",
    [
      "declaration"
    ],
    73,
    46,
    3,
    "parameter",
    [
      "declaration"
    ],
    73,
    66,
    7,
    "parameter",
    [
      "declaration"
    ],
    74,
    8,
    5,
    "variable",
    [
      "declaration"
    ],
    75,
    11,
    12,
    "variable",
    [
      "declaration"
    ],
    75,
    47,
    5,
    "method",
    [
      "declaration"
    ],
    75,
    56,
    7,
    "parameter",
    [],
    76,
    11,
    12,
    "variable",
    [],
    79,
    16,
    4,
    "function",
    [
      "declaration"
    ],
    82,
    4,
    6,
    "class",
    [],
    82,
    11,
    6,
    "variable",
    [
      "declaration"
    ],
    83,
    4,
    3,
    "namespace",
    [],
    83,
    8,
    7,
    "function",
    [],
    83,
    16,
    6,
    "variable",
    [],
    83,
    23,
    11,
    "method",
    [],
    84,
    4,
    6,
    "variable",
    [],
    84,
    11,
    4,
    "method",
    [
      "declaration"
    ],
    84,
    16,
    6,
    "variable",
    [],
    87,
    4,
    7,
    "class",
    [],
    87,
    12,
    7,
    "variable",
    [
      "declaration"
    ],
    88,
    4,
    3,
    "namespace",
    [],
    88,
    8,
    7,
    "function",
    [],
    88,
    16,
    7,
    "variable",
    [],
    88,
    24,
    3,
    "method",
    [
      "declaration"
    ],
    91,
    4,
    8,
    "class",
    [],
    91,
    13,
    8,
    "variable",
    [
      "declaration"
    ],
    92,
    4,
    3,
    "namespace",
    [],
    92,
    8,
    5,
    "function",
    [],
    92,
    14,
    8,
    "variable",
    [],
    92,
    23,
    8,
    "method",
    [
      "declaration"
    ],
    95,
    4,
    4,
    "namespace",
    [],
    95,
    9,
    8,
    "class",
    [],
    95,
    18,
    8,
    "variable",
    [
      "declaration"
    ],
    96,
    4,
    3,
    "namespace",
    [],
    96,
    8,
    5,
    "function",
    [],
    96,
    14,
    8,
    "variable",
    [],
    96,
    23,
    7,
    "method",
    [
      "declaration"
    ],
    100,
    16,
    1,
    "property",
    [
      "declaration"
    ],
    100,
    23,
    1,
    "property",
    [
      "declaration"
    ],
    100,
    27,
    9,
    "variable",
    [
      "declaration"
    ],
    101,
    8,
    1,
    "property",
    [],
    102,
    8,
    1,
    "property",
    [],
    104,
    8,
    1,
    "variable",
    [
      "declaration"
    ],
    104,
    12,
    9,
    "variable",
    [],
    104,
    22,
    1,
    "property",
    [],
    105,
    4,
    3,
    "namespace",
    [],
    105,
    8,
    7,
    "function",
    [],
    105,
    16,
    1,
    "variable",
    [],
    108,
    4,
    5,
    "struct",
    [],
    108,
    10,
    1,
    "variable",
    [
      "declaration"
    ],
    109,
    8,
    1,
    "property",
    [
      "readonly"
    ],
    110,
    8,
    1,
    "property",
    [],
    112,
    8,
    1,
    "variable",
    [
      "declaration"
    ],
    112,
    12,
    1,
    "variable",
    [],
    112,
    14,
    1,
    "property",
    [
      "readonly"
    ],
    113,
    4,
    3,
    "namespace",
    [],
    113,
    8,
    7,
    "function",
    [],
    113,
    16,
    1,
    "variable",
    [],
    116,
    4,
    7,
    "struct",
    [],
    116,
    12,
    7,
    "variable",
    [
      "declaration"
    ],
    117,
    8,
    4,
    "property",
    [],
    118,
    8,
    3,
    "property",
    [
      "readonly"
    ],
    119,
    8,
    6,
    "property",
    [],
    121,
    4,
    3,
    "namespace",
    [],
    121,
    8,
    5,
    "function",
    [],
    121,
    14,
    7,
    "variable",
    [],
    121,
    22,
    4,
    "property",
    [],
    124,
    4,
    7,
    "struct",
    [],
    124,
    12,
    7,
    "variable",
    [
      "declaration"
    ],
    125,
    8,
    4,
    "property",
    [],
    126,
    8,
    3,
    "property",
    [
      "readonly"
    ],
    127,
    8,
    7,
    "property",
    [],
    128,
    12,
    4,
    "property",
    [],
    129,
    12,
    7,
    "property",
    [],
    132,
    4,
    3,
    "namespace",
    [],
    132,
    8,
    5,
    "function",
    [],
    132,
    14,
    7,
    "variable",
    [],
    132,
    22,
    3,
    "property",
    [
      "readonly"
    ],
    135,
    10,
    4,
    "namespace",
    [],
    135,
    15,
    3,
    "struct",
    [],
    135,
    24,
    1,
    "property",
    [
      "declaration"
    ],
    135,
    27,
    1,
    "variable",
    [
      "declaration"
    ],
    136,
    5,
    1,
    "property",
    [
      "readonly"
    ],
    136,
    16,
    5,
    "property",
    [],
    138,
    4,
    1,
    "variable",
    [],
    138,
    6,
    3,
    "method",
    [
      "declaration"
    ],
    138,
    11,
    1,
    "property",
    [
      "readonly"
    ],
    138,
    22,
    5,
    "property",
    [],
    139,
    4,
    3,
    "namespace",
    [],
    139,
    8,
    7,
    "function",
    [],
    139,
    16,
    1,
    "variable",
    [],
    144,
    9,
    6,
    "namespace",
    [],
    145,
    24,
    8,
    "method",
    [
      "declaration"
    ],
    147,
    28,
    4,
    "method",
    [
      "declaration"
    ],
    147,
    56,
    5,
    "property",
    [
      "declaration"
    ],
    149,
    6,
    11,
    "variable",
    [
      "declaration"
    ],
    152,
    4,
    7,
    "interface",
    [],
    152,
    12,
    7,
    "variable",
    [
      "declaration"
    ],
    153,
    22,
    4,
    "property",
    [
      "declaration"
    ],
    154,
    22,
    7,
    "property",
    [
      "declaration"
    ],
    156,
    24,
    4,
    "method",
    [
      "declaration"
    ],
    157,
    17,
    4,
    "property",
    [],
    158,
    17,
    7,
    "property",
    [],
    161,
    24,
    5,
    "method",
    [
      "declaration"
    ],
    162,
    24,
    4,
    "property",
    [],
    162,
    43,
    7,
    "property",
    [],
    165,
    17,
    7,
    "method",
    [
      "declaration"
    ],
    165,
    69,
    4,
    "property",
    [],
    169,
    4,
    3,
    "namespace",
    [],
    169,
    8,
    5,
    "function",
    [],
    169,
    14,
    12,
    "variable",
    [],
    172,
    18,
    2,
    "variable",
    [
      "declaration"
    ],
    172,
    30,
    3,
    "variable",
    [],
    175,
    4,
    3,
    "namespace",
    [],
    175,
    8,
    5,
    "function",
    [],
    175,
    14,
    4,
    "namespace",
    [],
    175,
    19,
    3,
    "interface",
    [],
    179,
    4,
    8,
    "type",
    [],
    179,
    13,
    6,
    "variable",
    [
      "declaration"
    ],
    183,
    4,
    3,
    "namespace",
    [],
    183,
    8,
    7,
    "function",
    [],
    183,
    16,
    6,
    "variable",
    [],
    186,
    4,
    20,
    "type",
    [],
    186,
    25,
    20,
    "variable",
    [
      "declaration"
    ],
    186,
    54,
    20,
    "type",
    [],
    186,
    96,
    5,
    "variable",
    [
      "declaration"
    ],
    189,
    4,
    14,
    "type",
    [],
    189,
    19,
    14,
    "variable",
    [
      "declaration"
    ],
    189,
    42,
    14,
    "type",
    [],
    189,
    66,
    2,
    "variable",
    [
      "declaration"
    ],
    192,
    4,
    4,
    "namespace",
    [],
    192,
    9,
    14,
    "type",
    [],
    192,
    24,
    12,
    "variable",
    [
      "declaration"
    ],
    192,
    45,
    4,
    "namespace",
    [],
    192,
    50,
    14,
    "type",
    [],
    192,
    74,
    2,
    "variable",
    [
      "declaration"
    ],
    196,
    21,
    3,
    "namespace",
    [],
    196,
    32,
    9,
    "variable",
    [
      "declaration"
    ],
    196,
    50,
    3,
    "namespace",
    [],
    196,
    54,
    19,
    "function",
    [],
    197,
    11,
    1,
    "variable",
    [
      "declaration"
    ],
    197,
    15,
    9,
    "variable",
    [],
    197,
    25,
    7,
    "method",
    [
      "declaration"
    ],
    197,
    51,
    3,
    "parameter",
    [
      "declaration"
    ],
    198,
    8,
    3,
    "namespace",
    [],
    198,
    12,
    7,
    "function",
    [],
    198,
    20,
    3,
    "parameter",
    [],
    202,
    4,
    3,
    "namespace",
    [],
    202,
    8,
    5,
    "function",
    [],
    202,
    14,
    12,
    "function",
    [],
    205,
    12,
    25,
    "variable",
    [
      "declaration"
    ],
    205,
    40,
    28,
    "function",
    [],
    208,
    11,
    19,
    "variable",
    [
      "declaration"
    ],
    208,
    33,
    13,
    "function",
    [],
    211,
    11,
    7,
    "variable",
    [
      "declaration"
    ],
    212,
    9,
    7,
    "variable",
    [
      "declaration"
    ],
    213,
    25,
    6,
    "variable",
    [
      "declaration"
    ],
    213,
    34,
    4,
    "namespace",
    [],
    213,
    39,
    9,
    "function",
    [],
    213,
    60,
    7,
    "variable",
    [],
    217,
    4,
    3,
    "namespace",
    [],
    217,
    8,
    5,
    "function",
    [],
    217,
    14,
    3,
    "enumMember",
    [
      "readonly"
    ],
    218,
    4,
    3,
    "namespace",
    [],
    218,
    8,
    5,
    "function",
    [],
    218,
    14,
    5,
    "enum",
    [],
    221,
    4,
    3,
    "namespace",
    [],
    221,
    8,
    5,
    "function",
    [],
    221,
    14,
    4,
    "enumMember",
    [
      "readonly"
    ],
    222,
    4,
    3,
    "namespace",
    [],
    222,
    8,
    5,
    "function",
    [],
    222,
    14,
    8,
    "enum",
    [],
    225,
    4,
    3,
    "namespace",
    [],
    225,
    8,
    5,
    "function",
    [],
    225,
    14,
    2,
    "enumMember",
    [
      "readonly"
    ],
    226,
    4,
    3,
    "namespace",
    [],
    226,
    8,
    5,
    "function",
    [],
    226,
    14,
    8,
    "enum",
    [],
    229,
    4,
    3,
    "namespace",
    [],
    229,
    8,
    5,
    "function",
    [],
    229,
    14,
    4,
    "namespace",
    [],
    229,
    19,
    4,
    "enumMember",
    [
      "readonly"
    ],
    230,
    4,
    3,
    "namespace",
    [],
    230,
    8,
    5,
    "function",
    [],
    230,
    14,
    4,
    "namespace",
    [],
    230,
    19,
    5,
    "enum",
    [],
    234,
    12,
    2,
    "variable",
    [
      "declaration"
    ],
    235,
    4,
    3,
    "namespace",
    [],
    235,
    8,
    9,
    "type",
    [],
    235,
    18,
    8,
    "variable",
    [
      "declaration"
    ],
    236,
    11,
    10,
    "variable",
    [
      "declaration"
    ],
    239,
    12,
    2,
    "variable",
    [
      "declaration"
    ],
    239,
    17,
    2,
    "variable",
    [],
    239,
    20,
    5,
    "method",
    [
      "declaration"
    ],
    240,
    12,
    2,
    "variable",
    [
      "declaration"
    ],
    240,
    18,
    2,
    "variable",
    [],
    240,
    24,
    2,
    "variable",
    [],
    241,
    4,
    3,
    "namespace",
    [],
    241,
    8,
    5,
    "function",
    [],
    241,
    14,
    3,
    "variable",
    [
      "readonly"
    ],
    242,
    4,
    3,
    "namespace",
    [],
    242,
    8,
    5,
    "function",
    [],
    242,
    16,
    5,
    "variable",
    [],
    245,
    4,
    3,
    "namespace",
    [],
    245,
    8,
    5,
    "function",
    [],
    245,
    14,
    9,
    "variable",
    [
      "readonly"
    ],
    246,
    4,
    3,
    "namespace",
    [],
    246,
    8,
    5,
    "function",
    [],
    246,
    14,
    5,
    "variable",
    [],
    249,
    4,
    3,
    "namespace",
    [],
    249,
    8,
    5,
    "function",
    [],
    249,
    14,
    3,
    "variable",
    [
      "readonly"
    ],
    250,
    4,
    3,
    "namespace",
    [],
    250,
    8,
    5,
    "function",
    [],
    250,
    16,
    6,
    "variable",
    [],
    253,
    4,
    3,
    "namespace",
    [],
    253,
    8,
    5,
    "function",
    [],
    253,
    14,
    4,
    "namespace",
    [],
    253,
    19,
    6,
    "variable",
    [
      "readonly"
    ],
    254,
    4,
    3,
    "namespace",
    [],
    254,
    8,
    5,
    "function",
    [],
    254,
    14,
    4,
    "namespace",
    [],
    254,
    19,
    3,
    "variable",
    [],
    259,
    0,
    5,
    "namespace",
    [],
    259,
    13,
    8,
    "variable",
    [
      "declaration"
    ],
    262,
    8,
    1,
    "type",
    [
      "declaration"
    ],
    262,
    9,
    13,
    "type",
    [
      "declaration"
    ],
    262,
    30,
    5,
    "namespace",
    [],
    266,
    8,
    6,
    "parameter",
    [
      "documentation"
    ],
    267,
    8,
    3,
    "parameter",
    [
      "documentation"
    ],
    268,
    22,
    8,
    "function",
    [
      "declaration"
    ],
    268,
    31,
    12,
    "function",
    [
      "declaration"
    ],
    268,
    44,
    5,
    "namespace",
    [],
    268,
    57,
    6,
    "parameter",
    [
      "declaration"
    ],
    268,
    65,
    5,
    "namespace",
    [],
    268,
    79,
    3,
    "parameter",
    [
      "declaration"
    ],
    269,
    12,
    8,
    "variable",
    [
      "declaration"
    ],
    269,
    23,
    8,
    "variable",
    [],
    270,
    11,
    8,
    "variable",
    [],
    270,
    23,
    5,
    "namespace",
    [],
    273,
    12,
    7,
    "variable",
    [
      "declaration"
    ],
    273,
    22,
    3,
    "namespace",
    [],
    273,
    26,
    22,
    "function",
    [],
    274,
    12,
    7,
    "variable",
    [],
    274,
    38,
    3,
    "namespace",
    [],
    275,
    12,
    5,
    "namespace",
    [],
    275,
    25,
    5,
    "variable",
    [
      "declaration"
    ],
    276,
    12,
    5,
    "variable",
    [],
    276,
    18,
    7,
    "method",
    [
      "declaration"
    ],
    278,
    12,
    5,
    "namespace",
    [],
    278,
    27,
    3,
    "variable",
    [
      "declaration"
    ],
    279,
    12,
    3,
    "variable",
    [],
    280,
    12,
    3,
    "variable",
    [],
    280,
    16,
    10,
    "method",
    [
      "declaration"
    ],
    280,
    28,
    1,
    "namespace",
    [],
    280,
    47,
    7,
    "method",
    [
      "declaration"
    ],
    281,
    16,
    6,
    "variable",
    [
      "declaration"
    ],
    281,
    25,
    6,
    "parameter",
    [],
    285,
    22,
    3,
    "function",
    [
      "declaration"
    ],
    285,
    26,
    7,
    "function",
    [
      "declaration"
    ],
    285,
    38,
    2,
    "parameter",
    [
      "declaration"
    ],
    285,
    50,
    5,
    "namespace",
    [],
    286,
    12,
    2,
    "parameter",
    [],
    286,
    17,
    6,
    "variable",
    [],
    286,
    24,
    6,
    "method",
    [
      "declaration"
    ],
    287,
    45,
    2,
    "parameter",
    [],
    287,
    48,
    8,
    "method",
    [
      "declaration"
    ],
    292,
    6,
    8,
    "class",
    [
      "declaration"
    ],
    293,
    19,
    4,
    "property",
    [
      "declaration"
    ],
    294,
    16,
    3,
    "property",
    [
      "declaration"
    ],
    295,
    19,
    5,
    "property",
    [
      "declaration"
    ],
    296,
    19,
    7,
    "property",
    [
      "declaration"
    ],
    298,
    21,
    13,
    "method",
    [
      "declaration"
    ],
    300,
    13,
    8,
    "method",
    [
      "declaration"
    ],
    300,
    29,
    8,
    "parameter",
    [
      "declaration"
    ],
    301,
    13,
    5,
    "property",
    [],
    301,
    31,
    8,
    "parameter",
    [],
    301,
    48,
    13,
    "method",
    [],
    304,
    20,
    8,
    "method",
    [
      "declaration"
    ],
    304,
    54,
    5,
    "property",
    [],
    307,
    12,
    7,
    "struct",
    [
      "declaration"
    ],
    308,
    11,
    4,
    "property",
    [
      "declaration"
    ],
    309,
    17,
    3,
    "property",
    [
      "declaration",
      "readonly"
    ],
    311,
    15,
    4,
    "property",
    [
      "declaration"
    ],
    312,
    15,
    7,
    "property",
    [
      "declaration"
    ],
    313,
    7,
    7,
    "property",
    [
      "declaration"
    ],
    316,
    17,
    3,
    "variable",
    [
      "declaration",
      "readonly"
    ],
    317,
    4,
    6,
    "variable",
    [
      "declaration"
    ],
    319,
    5,
    8,
    "enum",
    [
      "declaration"
    ],
    320,
    4,
    2,
    "enumMember",
    [
      "declaration",
      "readonly"
    ],
    321,
    4,
    2,
    "enumMember",
    [
      "declaration",
      "readonly"
    ],
    322,
    4,
    2,
    "enumMember",
    [
      "declaration",
      "readonly"
    ],
    325,
    18,
    3,
    "variable",
    [
      "declaration"
    ],
    326,
    0,
    1,
    "namespace",
    [],
    326,
    1,
    17,
    "type",
    [],
    327,
    4,
    3,
    "property",
    [],
    330,
    8,
    1,
    "property",
    [
      "declaration"
    ],
    331,
    20,
    4,
    "method",
    [
      "declaration"
    ],
    336,
    5,
    12,
    "struct",
    [
      "declaration"
    ],
    337,
    11,
    3,
    "property",
    [
      "declaration"
    ],
    340,
    5,
    15,
    "struct",
    [
      "declaration"
    ],
    341,
    10,
    5,
    "property",
    [
      "declaration"
    ],
    342,
    11,
    2,
    "property",
    [
      "declaration"
    ],
    345,
    12,
    14,
    "type",
    [],
    345,
    33,
    15,
    "struct",
    [],
    349,
    9,
    13,
    "function",
    [
      "declaration"
    ],
    349,
    42,
    1,
    "namespace",
    [],
    349,
    43,
    4,
    "namespace",
    [],
    349,
    48,
    11,
    "type",
    [],
    350,
    4,
    6,
    "property",
    []
  ]
}
