{
  "source": {
    "file": "projectls/defmodsource4.bal"
  },
  "position": {
    "line": 4,
    "character": 22
  },
  "result": [
    {
      "range": {
        "start": {
          "line": 3,
          "character": 11
        },
        "end": {
          "line": 3,
          "character": 15
        }
      },
      "uri": "projectls/defmodsource4.bal"
    }
  ]
}
