{
  "source": {
    "file": "projectls/modules/lsmod1/lsmod1.bal"
  },
  "position": {
    "line": 7,
    "character": 18
  },
  "result": [
    {
      "range": {
        "start": {
          "line": 2,
          "character": 16
        },
        "end": {
          "line": 2,
          "character": 29
        }
      },
      "uri": "projectls/modules/lsmod2/lsmod2.bal"
    }
  ]
}