{
  "result":[
    {
      "startLine":0,
      "endLine":3,
      "kind":"region"
    },
    {
      "startLine":6,
      "endLine":7,
      "kind":"comment"
    },
    {
      "startLine":8,
      "endLine":10,
      "kind":"region"
    },
    {
      "startLine":13,
      "endLine":17,
      "kind":"comment"
    },
    {
      "startLine":18,
      "endLine":30,
      "kind":"region"
    },
    {
      "startLine":24,
      "endLine":24,
      "kind":"region"
    },
    {
      "startLine":30,
      "endLine":30,
      "kind":"region"
    },
    {
      "startLine":26,
      "endLine":29,
      "kind":"comment"
    }
  ]
}
