{
  "result":[
    {
      "startLine":3,
      "endLine":4,
      "kind":"region"
    },
    {
      "startLine":7,
      "endLine":8,
      "kind":"comment"
    },
    {
      "startLine":9,
      "endLine":36,
      "kind":"region"
    },
    {
      "startLine":16,
      "endLine":17,
      "kind":"region"
    },
    {
      "startLine":18,
      "endLine":19,
      "kind":"region"
    },
    {
      "startLine":20,
      "endLine":21,
      "kind":"region"
    },
    {
      "startLine":29,
      "endLine":30,
      "kind":"region"
    },
    {
      "startLine":34,
      "endLine":35,
      "kind":"region"
    },
    {
      "startLine":39,
      "endLine":42,
      "kind":"region"
    },
    {
      "startLine":45,
      "endLine":84,
      "kind":"region"
    },
    {
      "startLine":46,
      "endLine":48,
      "kind":"region"
    },
    {
      "startLine":49,
      "endLine":52,
      "kind":"region"
    },
    {
      "startLine":55,
      "endLine":61,
      "kind":"region"
    },
    {
      "startLine":56,
      "endLine":57,
      "kind":"region"
    },
    {
      "startLine":57,
      "endLine":57,
      "kind":"region"
    },
    {
      "startLine":59,
      "endLine":60,
      "kind":"region"
    },
    {
      "startLine":60,
      "endLine":60,
      "kind":"region"
    },
    {
      "startLine":64,
      "endLine":68,
      "kind":"region"
    },
    {
      "startLine":65,
      "endLine":67,
      "kind":"region"
    },
    {
      "startLine":67,
      "endLine":67,
      "kind":"region"
    },
    {
      "startLine":71,
      "endLine":73,
      "kind":"region"
    },
    {
      "startLine":76,
      "endLine":77,
      "kind":"region"
    },
    {
      "startLine":78,
      "endLine":79,
      "kind":"region"
    },
    {
      "startLine":82,
      "endLine":83,
      "kind":"region"
    },
    {
      "startLine":87,
      "endLine":89,
      "kind":"region"
    },
    {
      "startLine":0,
      "endLine":1,
      "kind":"region"
    }
  ]
}
