{
  "result":[
    {
      "startLine":6,
      "endLine":45,
      "kind":"region"
    },
    {
      "startLine":3,
      "endLine":5,
      "kind":"comment"
    },
    {
      "startLine":8,
      "endLine":13,
      "kind":"comment"
    },
    {
      "startLine":15,
      "endLine":27,
      "kind":"region"
    },
    {
      "startLine":18,
      "endLine":19,
      "kind":"region"
    },
    {
      "startLine":20,
      "endLine":22,
      "kind":"region"
    },
    {
      "startLine":25,
      "endLine":26,
      "kind":"region"
    },
    {
      "startLine":30,
      "endLine":34,
      "kind":"comment"
    },
    {
      "startLine":35,
      "endLine":44,
      "kind":"region"
    },
    {
      "startLine":42,
      "endLine":43,
      "kind":"region"
    },
    {
      "startLine":0,
      "endLine":1,
      "kind":"region"
    }
  ]
}
