{
  "source": {
    "file": "projectls/error_types.bal"
  },
  "position": {
    "line": 6,
    "character": 7
  },
  "result": [
    {
      "uri": "projectls/error_types.bal",
      "range": {
        "start": {
          "line": 6,
          "character": 5
        },
        "end": {
          "line": 6,
          "character": 21
        }
      }
    },
    {
      "uri": "projectls/error_types.bal",
      "range": {
        "start": {
          "line": 10,
          "character": 37
        },
        "end": {
          "line": 10,
          "character": 53
        }
      }
    },
    {
      "uri": "projectls/error_types.bal",
      "range": {
        "start": {
          "line": 11,
          "character": 17
        },
        "end": {
          "line": 11,
          "character": 33
        }
      }
    }
  ]
}
