{
  "source": {
    "file": "rename_in_mapping_binding_pattern1.bal"
  },
  "position": {
    "line": 11,
    "character": 11
  },
  "prepareRename": {
    "valid": true
  },
  "result": {
    "changes": {
      "rename_in_mapping_binding_pattern1.bal": [
        {
          "range": {
            "start": {
              "line": 11,
              "character": 9
            },
            "end": {
              "line": 11,
              "character": 13
            }
          },
          "newText": "name: name2"
        },
        {
          "range": {
            "start": {
              "line": 12,
              "character": 15
            },
            "end": {
              "line": 12,
              "character": 19
            }
          },
          "newText": "name2"
        }
      ]
    }
  }
}
