{
  "position": {
    "line": 4,
    "col": 21
  },
  "expected": {
    "result": [
      {
        "range": {
          "start": {
            "line": 11,
            "character": 0
          },
          "end": {
            "line": 13,
            "character": 1
          }
        }
      }
    ],
    "id": {
      "left": "324"
    },
    "jsonrpc": "2.0"
  }
}
