{
  "source": {
    "file": "projectls/error_types.bal"
  },
  "position": {
    "line": 23,
    "character": 32
  },
  "result": [
    {
      "range": {
        "start": {
          "line": 17,
          "character": 0
        },
        "end": {
          "line": 17,
          "character": 37
        }
      },
      "uri": "repo/bala/ballerina/lang.error/0.0.0/any/modules/lang.error/retriable.bal"
    }
  ]
}
