{
  "source": {
    "file": "projectls/defmodsource7.bal"
  },
  "position": {
    "line": 23,
    "character": 23
  },
  "result": [
    {
      "range": {
        "start": {
          "line": 1,
          "character": 22
        },
        "end": {
          "line": 1,
          "character": 25
        }
      },
      "uri": "projectls/modules/lsmod1/source2.bal"
    }
  ]
}
