{
  "source": {
    "file": "main.bal"
  },
  "position": {
    "line": 3,
    "character": 10
  },
  "prepareRename": {
    "valid": false
  },
  "result": {
    "changes": {}
  }
}
