{
  "source": {
    "file": "rename_in_undefined_fn_call.bal"
  },
  "position": {
    "line": 1,
    "character": 10
  },
  "prepareRename": {
    "valid": true
  },
  "result": {
    "changes": {
      "rename_in_undefined_fn_call.bal": [
        {
          "range": {
            "start": {
              "line": 1,
              "character": 8
            },
            "end": {
              "line": 1,
              "character": 13
            }
          },
          "newText": "counter"
        },
        {
          "range": {
            "start": {
              "line": 2,
              "character": 15
            },
            "end": {
              "line": 2,
              "character": 20
            }
          },
          "newText": "counter"
        }
      ]
    }
  }
}
