{
  "source": {
    "file": "renameTest1.bal"
  },
  "position": {
    "line": 29,
    "character": 8
  },
  "prepareRename": {
    "valid": true
  },
  "result": {

  }
}
